src/app/page.tsx(16,20): error TS2367: This comparison appears to be unintentional because the types 'boolean' and 'string' have no overlap.
